Run ID: generated-20260615-141442
Target URL: https://www.saucedemo.com
Browser: chromium
Suite: generated
Suite app: Generated Script
Mode: Headless
Status: initialized
Launching automation execution...
Running generated Playwright script...
Run ID: generated-20260615-141442
Script: healing-assertion-probe.spec.ts
Launching chromium...
Status: failed
[Healing] Locator failure detected
[Healing] Failure classified: LOCATOR_NOT_FOUND (HEALABLE)
[Healing] Locator healed: .locator('.login_logo') -> .locator('.login_logo:visible')
[Healing] Healing started
[Healing] Re-running failed tests (attempt 1/3)
[Healing] Re-run failed
[Healing] Re-running failed tests (attempt 2/3)
[Healing] Re-run failed
[Healing] Re-running failed tests (attempt 3/3)
Healing status: PARTIALLY_HEALED
Generating Allure report...
Playwright report generated
[Healing] Re-run failed
Allure report generated
Running 1 test using 1 worker
  x  1 [chromium] › tests\_generated_healing-assertion-probe.spec.ts:3:5 › healable assertion mismatch probe (10.0s)
  x  2 [chromium] › tests\_generated_healing-assertion-probe.spec.ts:3:5 › healable assertion mismatch probe (retry #1) (6.3s)
  1) [chromium] › tests\_generated_healing-assertion-probe.spec.ts:3:5 › healable assertion mismatch probe 
    Error: [2mexpect([22m[31mlocator[39m[2m).[22mtoHaveText[2m([22m[32mexpected[39m[2m)[22m failed
    Locator:  locator('.login_logo')
    Expected: [32m"[7ms[27mwag [7ml[27mabs"[39m
    Received: [31m"[7mS[27mwag [7mL[27mabs"[39m
    Timeout:  5000ms
    Call log:
    [2m  - Expect "toHaveText" with timeout 5000ms[22m
    [2m  - waiting for locator('.login_logo')[22m
    [2m    14 × locator resolved to <div class="login_logo">Swag Labs</div>[22m
    [2m       - unexpected value "Swag Labs"[22m
      3 | test('healable assertion mismatch probe', async ({ page }) => {
      4 |   await page.goto('/');
    > 5 |   await expect(page.locator('.login_logo')).toHaveText('swag labs');
        |                                             ^
      6 | });
        at D:\TCGen-Buddy\automation\tests\_generated_healing-assertion-probe.spec.ts:5:45
    attachment #1: screenshot (image/png) ──────────────────────────────────────────────────────────
    reports\traces\generated-20260615-141442\_generated_healing-asserti-186db-le-assertion-mismatch-probe-chromium\test-failed-1.png
    ────────────────────────────────────────────────────────────────────────────────────────────────
    attachment #2: video (video/webm) ──────────────────────────────────────────────────────────────
    reports\traces\generated-20260615-141442\_generated_healing-asserti-186db-le-assertion-mismatch-probe-chromium\video.webm
    ────────────────────────────────────────────────────────────────────────────────────────────────
    Error Context: reports\traces\generated-20260615-141442\_generated_healing-asserti-186db-le-assertion-mismatch-probe-chromium\error-context.md
    attachment #4: trace (application/zip) ─────────────────────────────────────────────────────────
    reports\traces\generated-20260615-141442\_generated_healing-asserti-186db-le-assertion-mismatch-probe-chromium\trace.zip
    Usage:
        npx playwright show-trace reports\traces\generated-20260615-141442\_generated_healing-asserti-186db-le-assertion-mismatch-probe-chromium\trace.zip
    ────────────────────────────────────────────────────────────────────────────────────────────────
    Retry #1 ───────────────────────────────────────────────────────────────────────────────────────
    Error: [2mexpect([22m[31mlocator[39m[2m).[22mtoHaveText[2m([22m[32mexpected[39m[2m)[22m failed
    Locator:  locator('.login_logo')
    Expected: [32m"[7ms[27mwag [7ml[27mabs"[39m
    Received: [31m"[7mS[27mwag [7mL[27mabs"[39m
    Timeout:  5000ms
    Call log:
    [2m  - Expect "toHaveText" with timeout 5000ms[22m
    [2m  - waiting for locator('.login_logo')[22m
    [2m    14 × locator resolved to <div class="login_logo">Swag Labs</div>[22m
    [2m       - unexpected value "Swag Labs"[22m
      3 | test('healable assertion mismatch probe', async ({ page }) => {
      4 |   await page.goto('/');
    > 5 |   await expect(page.locator('.login_logo')).toHaveText('swag labs');
        |                                             ^
      6 | });
        at D:\TCGen-Buddy\automation\tests\_generated_healing-assertion-probe.spec.ts:5:45
    attachment #1: screenshot (image/png) ──────────────────────────────────────────────────────────
    reports\traces\generated-20260615-141442\_generated_healing-asserti-186db-le-assertion-mismatch-probe-chromium-retry1\test-failed-1.png
    ────────────────────────────────────────────────────────────────────────────────────────────────
    attachment #2: video (video/webm) ──────────────────────────────────────────────────────────────
    reports\traces\generated-20260615-141442\_generated_healing-asserti-186db-le-assertion-mismatch-probe-chromium-retry1\video.webm
    ────────────────────────────────────────────────────────────────────────────────────────────────
    Error Context: reports\traces\generated-20260615-141442\_generated_healing-asserti-186db-le-assertion-mismatch-probe-chromium-retry1\error-context.md
    attachment #4: trace (application/zip) ─────────────────────────────────────────────────────────
    reports\traces\generated-20260615-141442\_generated_healing-asserti-186db-le-assertion-mismatch-probe-chromium-retry1\trace.zip
    Usage:
        npx playwright show-trace reports\traces\generated-20260615-141442\_generated_healing-asserti-186db-le-assertion-mismatch-probe-chromium-retry1\trace.zip
    ────────────────────────────────────────────────────────────────────────────────────────────────
  1 failed
    [chromium] › tests\_generated_healing-assertion-probe.spec.ts:3:5 › healable assertion mismatch probe 
