Run ID: sanity-20260616-065623
Target URL: https://www.saucedemo.com
Browser: chromium
Suite: sanity
Suite app: SauceDemo
Mode: Headless
Status: initialized
Status: environment validated
Selected suite: SauceDemo sanity
Browser launch mode: headless
Starting Playwright execution from tests/sanity
Status: passed
Healing skipped: no failed tests.
Playwright report generated
Generating Allure report...
Allure report generated
[CSV PARSER] Found at: D:\TCGen-Buddy\automation\data\login-data.csv
Running 1 test using 1 worker
[CSV PARSER] Found at: D:\TCGen-Buddy\automation\data\login-data.csv
  ✓  1 [chromium] › tests\sanity\add-to-cart.spec.ts:14:7 › SauceDemo Sanity › login and add first inventory item to cart (5.5s)
  1 passed (10.4s)
