Run ID: generated-20260615-145956
Target URL: https://www.saucedemo.com
Browser: chromium
Suite: generated
Suite app: Generated Script
Mode: Headless
Status: initialized
Script: local-locator-probe.spec.ts
Launching chromium...
Run ID: generated-20260615-145956
Launching automation execution...
Running generated Playwright script...
[Healing] Failure classified: TEXT_ASSERTION_MISMATCH (HEALABLE)
Status: failed
[Healing] Healing started
[Healing] No safe automatic code change was available
Healing status: NEEDS_MANUAL_REVIEW
Playwright report generated
Generating Allure report...
Allure report generated
Running 1 test using 1 worker
  x  1 [chromium] › tests\_generated_local-locator-probe.spec.ts:3:5 › healable locator local probe (15.9s)
  x  2 [chromium] › tests\_generated_local-locator-probe.spec.ts:3:5 › healable locator local probe (retry #1) (15.9s)
  1) [chromium] › tests\_generated_local-locator-probe.spec.ts:3:5 › healable locator local probe ──
    TimeoutError: locator.click: Timeout 15000ms exceeded.
    Call log:
    [2m  - waiting for locator('#login-button-broken')[22m
      3 | test('healable locator local probe', async ({ page }) => {
      4 |   await page.setContent('<button id="login-button" data-test="login-button">Login</button>');
    > 5 |   await page.locator('#login-button-broken').click();
        |                                              ^
      6 |   await expect(page.getByTestId('login-button')).toBeVisible();
      7 | });
        at D:\TCGen-Buddy\automation\tests\_generated_local-locator-probe.spec.ts:5:46
    attachment #1: screenshot (image/png) ──────────────────────────────────────────────────────────
    reports\traces\generated-20260615-145956\_generated_local-locator-probe-healable-locator-local-probe-chromium\test-failed-1.png
    ────────────────────────────────────────────────────────────────────────────────────────────────
    attachment #2: video (video/webm) ──────────────────────────────────────────────────────────────
    reports\traces\generated-20260615-145956\_generated_local-locator-probe-healable-locator-local-probe-chromium\video.webm
    ────────────────────────────────────────────────────────────────────────────────────────────────
    Error Context: reports\traces\generated-20260615-145956\_generated_local-locator-probe-healable-locator-local-probe-chromium\error-context.md
    attachment #4: trace (application/zip) ─────────────────────────────────────────────────────────
    reports\traces\generated-20260615-145956\_generated_local-locator-probe-healable-locator-local-probe-chromium\trace.zip
    Usage:
        npx playwright show-trace reports\traces\generated-20260615-145956\_generated_local-locator-probe-healable-locator-local-probe-chromium\trace.zip
    ────────────────────────────────────────────────────────────────────────────────────────────────
    Retry #1 ───────────────────────────────────────────────────────────────────────────────────────
    TimeoutError: locator.click: Timeout 15000ms exceeded.
    Call log:
    [2m  - waiting for locator('#login-button-broken')[22m
      3 | test('healable locator local probe', async ({ page }) => {
      4 |   await page.setContent('<button id="login-button" data-test="login-button">Login</button>');
    > 5 |   await page.locator('#login-button-broken').click();
        |                                              ^
      6 |   await expect(page.getByTestId('login-button')).toBeVisible();
      7 | });
        at D:\TCGen-Buddy\automation\tests\_generated_local-locator-probe.spec.ts:5:46
    attachment #1: screenshot (image/png) ──────────────────────────────────────────────────────────
    reports\traces\generated-20260615-145956\_generated_local-locator-probe-healable-locator-local-probe-chromium-retry1\test-failed-1.png
    ────────────────────────────────────────────────────────────────────────────────────────────────
    attachment #2: video (video/webm) ──────────────────────────────────────────────────────────────
    reports\traces\generated-20260615-145956\_generated_local-locator-probe-healable-locator-local-probe-chromium-retry1\video.webm
    ────────────────────────────────────────────────────────────────────────────────────────────────
    Error Context: reports\traces\generated-20260615-145956\_generated_local-locator-probe-healable-locator-local-probe-chromium-retry1\error-context.md
    attachment #4: trace (application/zip) ─────────────────────────────────────────────────────────
    reports\traces\generated-20260615-145956\_generated_local-locator-probe-healable-locator-local-probe-chromium-retry1\trace.zip
    Usage:
        npx playwright show-trace reports\traces\generated-20260615-145956\_generated_local-locator-probe-healable-locator-local-probe-chromium-retry1\trace.zip
    ────────────────────────────────────────────────────────────────────────────────────────────────
  1 failed
    [chromium] › tests\_generated_local-locator-probe.spec.ts:3:5 › healable locator local probe ───
