Run ID: regression-20260614-121705
Target URL: https://www.saucedemo.com
Browser: chromium
Suite: regression
Suite mode: project-specific
Suite app: SauceDemo
Mode: Headless
Status: initialized
Status: environment validated
Selected suite: SauceDemo regression
Browser launch mode: headless
[Planner] Skipped: project-specific suite already has authored workflow steps
[Generator] Skipped: project-specific suite already has authored specs
Starting Playwright execution from tests/regression
Status: passed
[Reports] Playwright HTML generated
[Reports] Generating Allure report
[Reports] Allure report generated
[Healing] Skipped: no healable failure
[CSV PARSER] Found at: D:\TCGen-Buddy\automation\data\login-data.csv
[CSV PARSER] Found at: D:\TCGen-Buddy\automation\data\checkout-data.csv
Running 5 tests using 1 worker
[CSV PARSER] Found at: D:\TCGen-Buddy\automation\data\login-data.csv
[CSV PARSER] Found at: D:\TCGen-Buddy\automation\data\checkout-data.csv
  ✓  1 [chromium] › tests\regression\purchase-flow.spec.ts:20:9 › SauceDemo Regression › complete purchase as John Doe (1.6s)
  ✓  2 [chromium] › tests\regression\purchase-flow.spec.ts:20:9 › SauceDemo Regression › complete purchase as Jane Smith (1.2s)
  ✓  3 [chromium] › tests\regression\purchase-flow.spec.ts:20:9 › SauceDemo Regression › complete purchase as Ravi Kumar (1.2s)
  ✓  4 [chromium] › tests\regression\purchase-flow.spec.ts:20:9 › SauceDemo Regression › complete purchase as Test User (1.1s)
  ✓  5 [chromium] › tests\regression\purchase-flow.spec.ts:20:9 › SauceDemo Regression › complete purchase as A B (1.3s)
  5 passed (7.9s)
