Run ID: generated-20260615-150243
Target URL: https://www.saucedemo.com
Browser: chromium
Suite: generated
Suite app: Generated Script
Mode: Headless
Status: initialized
Launching automation execution...
Run ID: generated-20260615-150243
Script: local-locator-probe.spec.ts
Launching chromium...
Running generated Playwright script...
[Healing] Healing started
Status: failed
[Healing] Locator failure detected
[Healing] Failure classified: LOCATOR_NOT_FOUND (HEALABLE)
[Healing] Re-running failed tests (attempt 1/3)
[Healing] Locator healed: .locator('#login-button-broken') -> .getByRole('button', { name: /login/i })
[Healing] Re-running failed tests (attempt 2/3)
[Healing] Re-run failed
[Healing] Re-run failed
[Healing] Re-running failed tests (attempt 3/3)
Healing status: PARTIALLY_HEALED
Playwright report generated
[Healing] Re-run failed
Generating Allure report...
Running 1 test using 1 worker
Allure report generated
  x  1 [chromium] › tests\_generated_local-locator-probe.spec.ts:3:5 › healable locator local probe (16.0s)
  x  2 [chromium] › tests\_generated_local-locator-probe.spec.ts:3:5 › healable locator local probe (retry #1) (16.0s)
  1) [chromium] › tests\_generated_local-locator-probe.spec.ts:3:5 › healable locator local probe ──
    TimeoutError: locator.click: Timeout 15000ms exceeded.
    Call log:
    [2m  - waiting for locator('#login-button-broken')[22m
      3 | test('healable locator local probe', async ({ page }) => {
      4 |   await page.setContent('<button id="login-button" data-test="login-button">Login</button>');
    > 5 |   await page.locator('#login-button-broken').click();
        |                                              ^
      6 |   await expect(page.getByTestId('login-button')).toBeVisible();
      7 | });
        at D:\TCGen-Buddy\automation\tests\_generated_local-locator-probe.spec.ts:5:46
    attachment #1: screenshot (image/png) ──────────────────────────────────────────────────────────
    reports\traces\generated-20260615-150243\_generated_local-locator-probe-healable-locator-local-probe-chromium\test-failed-1.png
    ────────────────────────────────────────────────────────────────────────────────────────────────
    attachment #2: video (video/webm) ──────────────────────────────────────────────────────────────
    reports\traces\generated-20260615-150243\_generated_local-locator-probe-healable-locator-local-probe-chromium\video.webm
    ────────────────────────────────────────────────────────────────────────────────────────────────
    Error Context: reports\traces\generated-20260615-150243\_generated_local-locator-probe-healable-locator-local-probe-chromium\error-context.md
    attachment #4: trace (application/zip) ─────────────────────────────────────────────────────────
    reports\traces\generated-20260615-150243\_generated_local-locator-probe-healable-locator-local-probe-chromium\trace.zip
    Usage:
        npx playwright show-trace reports\traces\generated-20260615-150243\_generated_local-locator-probe-healable-locator-local-probe-chromium\trace.zip
    ────────────────────────────────────────────────────────────────────────────────────────────────
    Retry #1 ───────────────────────────────────────────────────────────────────────────────────────
    TimeoutError: locator.click: Timeout 15000ms exceeded.
    Call log:
    [2m  - waiting for locator('#login-button-broken')[22m
      3 | test('healable locator local probe', async ({ page }) => {
      4 |   await page.setContent('<button id="login-button" data-test="login-button">Login</button>');
    > 5 |   await page.locator('#login-button-broken').click();
        |                                              ^
      6 |   await expect(page.getByTestId('login-button')).toBeVisible();
      7 | });
        at D:\TCGen-Buddy\automation\tests\_generated_local-locator-probe.spec.ts:5:46
    attachment #1: screenshot (image/png) ──────────────────────────────────────────────────────────
    reports\traces\generated-20260615-150243\_generated_local-locator-probe-healable-locator-local-probe-chromium-retry1\test-failed-1.png
    ────────────────────────────────────────────────────────────────────────────────────────────────
    attachment #2: video (video/webm) ──────────────────────────────────────────────────────────────
    reports\traces\generated-20260615-150243\_generated_local-locator-probe-healable-locator-local-probe-chromium-retry1\video.webm
    ────────────────────────────────────────────────────────────────────────────────────────────────
    Error Context: reports\traces\generated-20260615-150243\_generated_local-locator-probe-healable-locator-local-probe-chromium-retry1\error-context.md
    attachment #4: trace (application/zip) ─────────────────────────────────────────────────────────
    reports\traces\generated-20260615-150243\_generated_local-locator-probe-healable-locator-local-probe-chromium-retry1\trace.zip
    Usage:
        npx playwright show-trace reports\traces\generated-20260615-150243\_generated_local-locator-probe-healable-locator-local-probe-chromium-retry1\trace.zip
    ────────────────────────────────────────────────────────────────────────────────────────────────
  1 failed
    [chromium] › tests\_generated_local-locator-probe.spec.ts:3:5 › healable locator local probe ───
