Run ID: custom-url-20260614-110659
Target URL: https://www.myvi.in/
Browser: chromium
Suite: smoke
Suite mode: generic
Suite app: Generic Website Validation
Mode: Headless
Status: initialized
Status: environment validated
Selected suite: Generic Website Validation smoke
Preflight started
Preflight passed: 200 OK
Browser launch mode: headless
Starting Playwright execution from tests/generic/smoke.spec.ts
Status: passed
Playwright report generated
Generating Allure report
Allure report generated
Healing skipped: no failed tests.
Running 1 test using 1 worker
Navigation attempt 1: domcontentloaded
Navigation attempt 1 succeeded: domcontentloaded
  ✓  1 [chromium] › tests\generic\smoke.spec.ts:12:7 › Generic Custom URL Smoke › page loads successfully with title, body, and non-5xx response (5.4s)
  1 passed (6.3s)
