Run ID: custom-url-20260614-110843
Target URL: https://www.saucedemo.com/
Browser: chromium
Suite: smoke
Suite mode: project-specific
Suite app: SauceDemo
Mode: Headless
Status: initialized
Status: environment validated
Selected suite: SauceDemo smoke
Browser launch mode: headless
Starting Playwright execution from tests/smoke
Status: passed
Playwright report generated
Generating Allure report
Allure report generated
Healing skipped: no failed tests.
[CSV PARSER] Found at: D:\TCGen-Buddy\automation\data\login-data.csv
Running 6 tests using 1 worker
[CSV PARSER] Found at: D:\TCGen-Buddy\automation\data\login-data.csv
  ✓  1 [chromium] › tests\smoke\login.spec.ts:10:9 › SauceDemo Smoke › login for standard_user should success (1.2s)
  ✓  2 [chromium] › tests\smoke\login.spec.ts:10:9 › SauceDemo Smoke › login for locked_out_user should fail (666ms)
  ✓  3 [chromium] › tests\smoke\login.spec.ts:10:9 › SauceDemo Smoke › login for problem_user should success (826ms)
  ✓  4 [chromium] › tests\smoke\login.spec.ts:10:9 › SauceDemo Smoke › login for performance_glitch_user should success (6.0s)
  ✓  5 [chromium] › tests\smoke\login.spec.ts:10:9 › SauceDemo Smoke › login for error_user should success (788ms)
  ✓  6 [chromium] › tests\smoke\login.spec.ts:10:9 › SauceDemo Smoke › login for visual_user should success (762ms)
  6 passed (11.4s)
