Run ID: smoke-20260614-121408
Target URL: https://www.saucedemo.com
Browser: chromium
Suite: smoke
Suite mode: project-specific
Suite app: SauceDemo
Mode: Headless
Status: initialized
Status: environment validated
Selected suite: SauceDemo smoke
Browser launch mode: headless
[Planner] Skipped: project-specific suite already has authored workflow steps
[Generator] Skipped: project-specific suite already has authored specs
Starting Playwright execution from tests/smoke
Status: passed
[Reports] Playwright HTML generated
[Reports] Generating Allure report
[Reports] Allure report generated
[Healing] Skipped: no healable failure
[CSV PARSER] Found at: D:\TCGen-Buddy\automation\data\login-data.csv
Running 6 tests using 1 worker
[CSV PARSER] Found at: D:\TCGen-Buddy\automation\data\login-data.csv
  ✓  1 [chromium] › tests\smoke\login.spec.ts:11:9 › SauceDemo Smoke › login for standard_user should success (947ms)
  ✓  2 [chromium] › tests\smoke\login.spec.ts:11:9 › SauceDemo Smoke › login for locked_out_user should fail (643ms)
  ✓  3 [chromium] › tests\smoke\login.spec.ts:11:9 › SauceDemo Smoke › login for problem_user should success (720ms)
  ✓  4 [chromium] › tests\smoke\login.spec.ts:11:9 › SauceDemo Smoke › login for performance_glitch_user should success (6.1s)
  ✓  5 [chromium] › tests\smoke\login.spec.ts:11:9 › SauceDemo Smoke › login for error_user should success (735ms)
  ✓  6 [chromium] › tests\smoke\login.spec.ts:11:9 › SauceDemo Smoke › login for visual_user should success (805ms)
  6 passed (11.0s)
