Run ID: custom-url-20260614-111814
Target URL: https://www.myvi.in/
Browser: chromium
Suite: sanity
Suite mode: generic
Suite app: Generic Website Validation
Mode: Headless
Status: initialized
Status: environment validated
Selected suite: Generic Website Validation sanity
Preflight started
Preflight passed: 200 OK
Browser launch mode: headless
Starting Playwright execution from tests/generic/sanity.spec.ts
Status: failed
Playwright report generated
Generating Allure report
Allure report generated
Final failure reason: assertion mismatch
Healing report generated
Running 1 test using 1 worker
Navigation attempt 1: domcontentloaded
Navigation attempt 1 succeeded: domcontentloaded
  ✘  1 [chromium] › tests\generic\sanity.spec.ts:15:7 › Generic Custom URL Sanity › page has visible structure, usable major links, and no critical client errors (4.7s)
Navigation attempt 1: domcontentloaded
Navigation attempt 1 succeeded: domcontentloaded
  ✘  2 [chromium] › tests\generic\sanity.spec.ts:15:7 › Generic Custom URL Sanity › page has visible structure, usable major links, and no critical client errors (retry #1) (4.6s)
  1) [chromium] › tests\generic\sanity.spec.ts:15:7 › Generic Custom URL Sanity › page has visible structure, usable major links, and no critical client errors 
    Error: No uncaught critical console errors should occur during initial load
    [2mexpect([22m[31mreceived[39m[2m).[22mtoEqual[2m([22m[32mexpected[39m[2m) // deep equality[22m
    [32m- Expected  - 1[39m
    [31m+ Received  + 3[39m
    [32m- Array [][39m
    [31m+ Array [[39m
    [31m+   "Cannot set properties of undefined (setting 'PBA')",[39m
    [31m+ ][39m
      23 |     await capturePageScreenshot(page, testInfo, 'generic-sanity-page');
      24 |
    > 25 |     expect(criticalConsoleErrors, 'No uncaught critical console errors should occur during initial load').toEqual([]);
         |                                                                                                           ^
      26 |   });
      27 | });
      28 |
        at D:\TCGen-Buddy\automation\tests\generic\sanity.spec.ts:25:107
    attachment #2: screenshot (image/png) ──────────────────────────────────────────────────────────
    reports\traces\custom-url-20260614-111814\generic-sanity-Generic-Cus-3dde2-d-no-critical-client-errors-chromium\test-failed-1.png
    ────────────────────────────────────────────────────────────────────────────────────────────────
    attachment #3: video (video/webm) ──────────────────────────────────────────────────────────────
    reports\traces\custom-url-20260614-111814\generic-sanity-Generic-Cus-3dde2-d-no-critical-client-errors-chromium\video.webm
    ────────────────────────────────────────────────────────────────────────────────────────────────
    Error Context: reports\traces\custom-url-20260614-111814\generic-sanity-Generic-Cus-3dde2-d-no-critical-client-errors-chromium\error-context.md
    attachment #5: trace (application/zip) ─────────────────────────────────────────────────────────
    reports\traces\custom-url-20260614-111814\generic-sanity-Generic-Cus-3dde2-d-no-critical-client-errors-chromium\trace.zip
    Usage:
        npx playwright show-trace reports\traces\custom-url-20260614-111814\generic-sanity-Generic-Cus-3dde2-d-no-critical-client-errors-chromium\trace.zip
    ────────────────────────────────────────────────────────────────────────────────────────────────
    Retry #1 ───────────────────────────────────────────────────────────────────────────────────────
    Error: No uncaught critical console errors should occur during initial load
    [2mexpect([22m[31mreceived[39m[2m).[22mtoEqual[2m([22m[32mexpected[39m[2m) // deep equality[22m
    [32m- Expected  - 1[39m
    [31m+ Received  + 3[39m
    [32m- Array [][39m
    [31m+ Array [[39m
    [31m+   "Cannot set properties of undefined (setting 'PBA')",[39m
    [31m+ ][39m
      23 |     await capturePageScreenshot(page, testInfo, 'generic-sanity-page');
      24 |
    > 25 |     expect(criticalConsoleErrors, 'No uncaught critical console errors should occur during initial load').toEqual([]);
         |                                                                                                           ^
      26 |   });
      27 | });
      28 |
        at D:\TCGen-Buddy\automation\tests\generic\sanity.spec.ts:25:107
    attachment #2: screenshot (image/png) ──────────────────────────────────────────────────────────
    reports\traces\custom-url-20260614-111814\generic-sanity-Generic-Cus-3dde2-d-no-critical-client-errors-chromium-retry1\test-failed-1.png
    ────────────────────────────────────────────────────────────────────────────────────────────────
    attachment #3: video (video/webm) ──────────────────────────────────────────────────────────────
    reports\traces\custom-url-20260614-111814\generic-sanity-Generic-Cus-3dde2-d-no-critical-client-errors-chromium-retry1\video.webm
    ────────────────────────────────────────────────────────────────────────────────────────────────
    Error Context: reports\traces\custom-url-20260614-111814\generic-sanity-Generic-Cus-3dde2-d-no-critical-client-errors-chromium-retry1\error-context.md
    attachment #5: trace (application/zip) ─────────────────────────────────────────────────────────
    reports\traces\custom-url-20260614-111814\generic-sanity-Generic-Cus-3dde2-d-no-critical-client-errors-chromium-retry1\trace.zip
    Usage:
        npx playwright show-trace reports\traces\custom-url-20260614-111814\generic-sanity-Generic-Cus-3dde2-d-no-critical-client-errors-chromium-retry1\trace.zip
    ────────────────────────────────────────────────────────────────────────────────────────────────
  1 failed
    [chromium] › tests\generic\sanity.spec.ts:15:7 › Generic Custom URL Sanity › page has visible structure, usable major links, and no critical client errors 
